  ... 500/1739 q=3637 20s
  ... 1000/1739 q=8011 22s
  ... 1500/1739 q=12637 23s
@23: W=223092870 K=1739  W*SNUM<15*SV: CERTIFIED  G30_agg=0.0945  margin 0.4055  dev_agg=0.0948  R_agg=-0.4052  SumCov<0: YES  Cov>0: 1/1739
   resonances/near: ~107 (0.483), 2339 (0.575)   [23.7s]
  ... 500/7863 q=3643 741s
  ... 1000/7863 q=8017 842s
  ... 1500/7863 q=12641 893s
  ... 2000/7863 q=17477 929s
  ... 2500/7863 q=22441 955s
  ... 3000/7863 q=27551 976s
  ... 3500/7863 q=32717 995s
  ... 4000/7863 q=37951 1009s
  ... 4500/7863 q=43189 1021s
  ... 5000/7863 q=48733 1033s
  ... 5500/7863 q=54121 1043s
  ... 6000/7863 q=59443 1053s
  ... 6500/7863 q=65147 1063s
  ... 7000/7863 q=70793 1073s
  ... 7500/7863 q=76303 1083s
@29: W=6469693230 K=7863  W*SNUM<15*SV: CERTIFIED  G30_agg=0.1176  margin 0.3824  dev_agg=0.1180  R_agg=-0.3820  SumCov<0: YES  Cov>0: 1/7863
   resonances/near: 173 (0.511)   [1088.2s]
TOTAL 1111.876s
