default L = 8000000  (positions scanned per config: ~L-H; z<=19 rows scan one full period)
cols: minT | #T<=0 /positions | meanT | sdT | maxdev | budget=(|D+|+|D-|)^2 | gamma=ln(maxdev)/ln(budget) | minS meanS
z=13 u=2.8 s=2.6 H=1315 D=788 |D+|=14 |D-|=16  [EXHAUSTIVE: sifts p<13, full period 2310, every x]
   minT=50 (at x=281)  T<=0: 0/2317  meanT=52.9  sdT=1.5  maxdev=5  budget=9.0e+2  gamma=0.238  minS=73 meanS=76.9   [0.0s]
z=17 u=2.8 s=2.6 H=2788 D=1582 |D+|=26 |D-|=28  [EXHAUSTIVE: sifts p<17, full period 30030, every x]
   minT=103 (at x=5501)  T<=0: 0/30037  meanT=109.0  sdT=2.1  maxdev=7  budget=2.9e+3  gamma=0.244  minS=133 meanS=136.9   [0.0s]
z=19 u=2.8 s=2.6 H=3806 D=2112 |D+|=28 |D-|=36  [EXHAUSTIVE: sifts p<19, full period 510510, every x]
   minT=112 (at x=51767)  T<=0: 0/510517  meanT=119.9  sdT=2.3  maxdev=8  budget=4.1e+3  gamma=0.249  minS=158 meanS=166.1   [0.0s]
z=20 u=2.8 s=2.6 H=4394 D=2414 |D+|=40 |D-|=48  [EXHAUSTIVE: sifts p<20, full period 9699690, every x]
   minT=107 (at x=108551)  T<=0: 0/9699697  meanT=119.7  sdT=2.7  maxdev=13  budget=7.7e+3  gamma=0.284  minS=160 meanS=171.5   [0.3s]
z=20 u=2.2 s=2.6 H=728 D=2414 |D+|=40 |D-|=48  [EXHAUSTIVE: u=2.2, full period 9699690, every x]
   minT=8 (at x=3778149)  T<=0: 0/9699697  meanT=19.8  sdT=2.5  maxdev=12  budget=7.7e+3  gamma=0.276  minS=20 meanS=28.4   [0.5s]
z=30 u=4.4 s=2.2 H=3157428 D=1777 |D+|=26 |D-|=48  [coupled control: D^2 = H, DHR-safe regime u>beta2]
   minT=10028 (at x=1746419)  T<=0: 0/4842569  meanT=10040.5  sdT=3.0  maxdev=13  budget=5.5e+3  gamma=0.302  minS=104752 meanS=104795.3   [0.7s]
z=50 u=2.8 s=1.4 H=57163 D=239 |D+|=8 |D-|=29  [coupled at u=2.8: D^2 = H (classical, expect weak/neg)]
   minT=-11277 (at x=2036920)  T<=0: 7942834/7942834  meanT=-11261.4  sdT=3.2  maxdev=16  budget=1.4e+3  gamma=0.380  minS=1417 meanS=1457.3   [0.9s]
z=50 u=2.8 s=2 H=57163 D=2500 |D+|=42 |D-|=76  [mildly decoupled: D^2 = H^1.43]
   minT=-763 (at x=4249324)  T<=0: 7942834/7942834  meanT=-739.9  sdT=5.3  maxdev=24  budget=1.4e+4  gamma=0.333  minS=1417 meanS=1457.3   [1.1s]
z=50 u=2.8 s=2.6 H=57163 D=26141 |D+|=184 |D-|=208  [decoupled: D^2 = H^1.86, s just below 1+sqrt(e)]
   minT=785 (at x=2791121)  T<=0: 0/7942834  meanT=831.7  sdT=11.5  maxdev=47  budget=1.5e+5  gamma=0.322  minS=1417 meanS=1457.3   [1.3s]
z=50 u=3.2 s=3 H=273341 D=125000 |D+|=632 |D-|=486  [decoupled: u=3.2, s=3.0 > 1+sqrt(e)]
   minT=5918 (at x=2895089)  T<=0: 0/7726656  meanT=5984.0  sdT=19.9  maxdev=70  budget=1.2e+6  gamma=0.303  minS=6917 meanS=6968.0   [1.5s]
z=100 u=2.8 s=2.6 H=398107 D=158489 |D+|=770 |D-|=892  [decoupled at z=100 (scale check)]
   minT=4326 (at x=6498887)  T<=0: 0/7601890  meanT=4430.9  sdT=32.0  maxdev=124  budget=2.8e+6  gamma=0.325  minS=7553 meanS=7634.8   [1.7s]
z=100 u=2.2 s=2.6 H=25119 D=158489 |D+|=770 |D-|=892  [probe: window exponent u=2.2 < beta2/2, s fixed]
   minT=218 (at x=6755909)  T<=0: 0/7974878  meanT=279.5  sdT=14.3  maxdev=62  budget=2.8e+6  gamma=0.278  minS=418 meanS=481.5   [1.9s]
z=100 u=1.8 s=2.6 H=3981 D=158489 |D+|=770 |D-|=892  [probe: u=1.8 BELOW the p^2 line (sampled range only!)]
   minT=13 (at x=2403422)  T<=0: 0/7996016  meanT=44.3  sdT=7.1  maxdev=31  budget=2.8e+6  gamma=0.232  minS=53 meanS=76.3   [2.1s]
DONE 2.1s
